resolve-whole status = KeySetStatus { proven: 2, declared: Some(2), keyed: 2, clear: 0, lazy: 0, forensic: None, origin: Some("keydb"), best_effort: false, requests: 1 }
copy written = 8466432
copy image = 8466432 bytes sha256:98778a03e8af5deb127b504109f70589
copy blanked = 0
extract result = good=73728 unreadable=0 complete=true halted=false files=[("BDMV/STREAM/00001.m2ts", 36864, 0, true), ("BDMV/STREAM/00002.m2ts", 36864, 0, true)]
extract out BDMV/STREAM/00001.m2ts = 36864 bytes sha256:368a55d7eca3e25f6af377a6f1aec041
extract out BDMV/STREAM/00002.m2ts = 36864 bytes sha256:368a55d7eca3e25f6af377a6f1aec041
copy-raw written = 8466432
copy-raw image = 8466432 bytes sha256:f0856c74bf5c9f7b6822186cafcaf1d6
extract-raw result = good=73728 unreadable=0 complete=true halted=false files=[("BDMV/STREAM/00001.m2ts", 36864, 0, true), ("BDMV/STREAM/00002.m2ts", 36864, 0, true)]
extract-raw out BDMV/STREAM/00001.m2ts = 36864 bytes sha256:375559f987f4f85e585d39abe6eb12fa
extract-raw out BDMV/STREAM/00002.m2ts = 36864 bytes sha256:2d895155c02331f792c4fca0bfb881ea
resolve-title status = KeySetStatus { proven: 2, declared: Some(2), keyed: 2, clear: 0, lazy: 0, forensic: None, origin: Some("keydb"), best_effort: false, requests: 1 }
title-read = 73728 bytes sha256:6b12cadf0d7bb63d7decc4a7663d3e52
title-read blanked = 0
iso-mkv outcome = completed=true opened=true bytes=52832 errors=0 lost=0 streams=3 undelivered=[]
iso-mkv out o.mkv = 56444 bytes sha256:5acfcd084d22d1df3913475317704196
iso-m2ts outcome = completed=true opened=true bytes=52832 errors=0 lost=0 streams=3 undelivered=[]
iso-m2ts out o.m2ts = 73920 bytes sha256:75f47cceb62e356629aec9b6bdb722c1
iso-null outcome = completed=true opened=true bytes=52832 errors=0 lost=0 streams=3 undelivered=[]
iso-mkv-raw refused = E6008
iso-mkv-selection outcome = completed=true opened=true bytes=40032 errors=0 lost=0 streams=2 undelivered=[]
iso-mkv-selection out o.mkv = 42528 bytes sha256:371978c9cf71c3d5c1a01fda23e9bcf9
live-mkv outcome = completed=true opened=true bytes=52832 errors=0 lost=0 streams=3 undelivered=[]
live-mkv out o.mkv = 56444 bytes sha256:5acfcd084d22d1df3913475317704196
live-mkv-raw refused = E6008
