mkv outcome = completed=true opened=true bytes=41192 errors=0 lost=0 streams=2 undelivered=[]
mkv out o.mkv = 43765 bytes sha256:fcc0509e04bf54381592dbcda6e26a28
m2ts outcome = completed=true opened=true bytes=41192 errors=0 lost=0 streams=2 undelivered=[]
m2ts out o.m2ts = 60288 bytes sha256:93cf375a4eecf1bff5feaa2fe9b3a74e
demux outcome = completed=true opened=true bytes=41192 errors=0 lost=0 streams=2 undelivered=[]
demux out o/title t00 MPEG2.m2v = 27880 bytes sha256:be8990c82ea9024deb38cdfb174bea80
demux out o/title t01 und AC3 DELAY 0ms.ac3 = 13312 bytes sha256:48694b3013866911b7e0f20507ebb311
json outcome = completed=true opened=true bytes=0 errors=0 lost=0 streams=2 undelivered=[]
json out o.json = 935 bytes sha256:07827a0ee32bcb431c16fd96d66362c2
