clear frames = 144
clear frame-digest = 56808 bytes sha256:bf3c1d39e961e73e299c1724d9b02f13
clear blanked = 0
clear-keyed frames = 144
clear-keyed frame-digest = 56808 bytes sha256:bf3c1d39e961e73e299c1724d9b02f13
clear-keyed blanked = 0
stale-cpi frames = 144
stale-cpi frame-digest = 56808 bytes sha256:bf3c1d39e961e73e299c1724d9b02f13
stale-cpi blanked = 0
aacs-held-key frames = 144
aacs-held-key frame-digest = 56808 bytes sha256:bf3c1d39e961e73e299c1724d9b02f13
aacs-held-key blanked = 0
aacs-no-keys refused = E7022
aacs-wrong-key refused = E7022
aacs-raw refused = E6009
aacs-truncated frames = 133
aacs-truncated frame-digest = 53612 bytes sha256:efce90984f5d5261013c0993a90240df
aacs-truncated blanked = 1
aacs-damaged-unit frames = 123
aacs-damaged-unit frame-digest = 49408 bytes sha256:cda35d2f16131e47155e99bf0ab12863
aacs-damaged-unit blanked = 9
